// Jest Snapshot v1, https://goo.gl/fbAQLP

exports[`NewPregunta should match snapshot 1`] = `undefined`;
